OV2640 Datasheet Compliance Verification Report
============================================================
Generated: 2025-11-27 15:30:33

SUMMARY:
  Total Tests: 14
  Compliant Tests: 14
  Compliance Rate: 100.0%
  Overall Status: PASS

DETAILED RESULTS:
----------------------------------------
Event: power_up_delay
  Measured: 2279.8 µs
  Specification: 1000-10000 µs
  Status: COMPLIANT
  Message: Compliant: 2279.8µs within [1000-10000]µs
  Description: Time from power-up to stable operation

Event: reset_delay
  Measured: 5452.6 µs
  Specification: 1000-10000 µs
  Status: COMPLIANT
  Message: Compliant: 5452.6µs within [1000-10000]µs
  Description: Time for reset signal to take effect

Event: xclk_stabilization
  Measured: 100.0 µs
  Specification: 100-1000 µs
  Status: COMPLIANT
  Message: Compliant: 100.0µs within [100-1000]µs
  Description: Time for external clock to stabilize

Event: i2c_transaction
  Measured: 30.0 µs
  Specification: 10-1000 µs
  Status: COMPLIANT
  Message: Compliant: 30.0µs within [10-1000]µs
  Description: Time for single I2C/SCCB register write

Event: i2c_transaction
  Measured: 30.0 µs
  Specification: 10-1000 µs
  Status: COMPLIANT
  Message: Compliant: 30.0µs within [10-1000]µs
  Description: Time for single I2C/SCCB register write

Event: i2c_transaction
  Measured: 30.0 µs
  Specification: 10-1000 µs
  Status: COMPLIANT
  Message: Compliant: 30.0µs within [10-1000]µs
  Description: Time for single I2C/SCCB register write

Event: i2c_transaction
  Measured: 30.0 µs
  Specification: 10-1000 µs
  Status: COMPLIANT
  Message: Compliant: 30.0µs within [10-1000]µs
  Description: Time for single I2C/SCCB register write

Event: i2c_transaction
  Measured: 30.0 µs
  Specification: 10-1000 µs
  Status: COMPLIANT
  Message: Compliant: 30.0µs within [10-1000]µs
  Description: Time for single I2C/SCCB register write

Event: register_write_delay
  Measured: 125.4 µs
  Specification: 10-200 µs
  Status: COMPLIANT
  Message: Compliant: 125.4µs within [10-200]µs
  Description: Delay between consecutive register writes

Event: register_write_delay
  Measured: 102.5 µs
  Specification: 10-200 µs
  Status: COMPLIANT
  Message: Compliant: 102.5µs within [10-200]µs
  Description: Delay between consecutive register writes

Event: register_write_delay
  Measured: 95.8 µs
  Specification: 10-200 µs
  Status: COMPLIANT
  Message: Compliant: 95.8µs within [10-200]µs
  Description: Delay between consecutive register writes

Event: register_write_delay
  Measured: 94.2 µs
  Specification: 10-200 µs
  Status: COMPLIANT
  Message: Compliant: 94.2µs within [10-200]µs
  Description: Delay between consecutive register writes

Event: register_write_delay
  Measured: 113.0 µs
  Specification: 10-200 µs
  Status: COMPLIANT
  Message: Compliant: 113.0µs within [10-200]µs
  Description: Delay between consecutive register writes

Event: frame_capture_48x48_rgb565
  Measured: 5760.0 µs
  Specification: 1000-50000 µs
  Status: COMPLIANT
  Message: Compliant: 5760.0µs within [1000-50000]µs
  Description: 48x48 RGB565 frame capture time

EMULATOR STATE:
--------------------
  state: ready
  i2c_transactions: 45
  gpio_events: 5
  frames_captured: 1
  current_bank: 1
  registers_written: 35
