OV2640 Camera Timing Emulation Log
========================================
Generated by test_ov2640_timing.py

15:30:33.390 [INIT_START  ] === OV2640 Initialization Sequence ===
15:30:33.390 [INIT_STEP   ] 1. GPIO Initialization
15:30:33.390 [INIT_STEP   ] 2. Power Up Sequence
15:30:33.390 [GPIO_WRITE  ] PWDN (GPIO15) = HIGH
15:30:33.390 [STATE_CHANGE] Camera powered down
15:30:33.390 [GPIO_WRITE  ] RESET (GPIO14) = LOW
15:30:33.390 [STATE_CHANGE] Camera in reset
15:30:33.390 [GPIO_WRITE  ] XCLK (GPIO13) = HIGH
15:30:33.390 [CLOCK_ENABLE] XCLK enabled (20MHz)
15:30:33.392 [GPIO_WRITE  ] PWDN (GPIO15) = LOW
15:30:33.392 [STATE_CHANGE] Camera power enabled
15:30:33.395 [GPIO_WRITE  ] RESET (GPIO14) = HIGH
15:30:33.396 [STATE_CHANGE] Camera reset released
15:30:33.402 [INIT_STEP   ] 3. Device ID Verification
15:30:33.402 [I2C_WRITE   ] Bank select: 00
15:30:33.402 [I2C_READ    ] Bank0 Reg[0x0A] = 0x26 (30.0µs)
15:30:33.402 [I2C_READ    ] Bank0 Reg[0x0B] = 0x42 (30.0µs)
15:30:33.402 [I2C_READ    ] Bank0 Reg[0x1C] = 0x7F (30.0µs)
15:30:33.402 [I2C_READ    ] Bank0 Reg[0x1D] = 0xA2 (30.0µs)
15:30:33.402 [ID_CHECK    ] Device ID verification PASSED
15:30:33.402 [INIT_STEP   ] 4. Software Reset
15:30:33.402 [I2C_WRITE   ] Bank select: 01
15:30:33.403 [I2C_WRITE   ] Bank1 Reg[0x80] = 0x80 (30.0µs)
15:30:33.408 [INIT_STEP   ] 5. Loading 48x48 Configuration
15:30:33.408 [I2C_WRITE   ] Bank select: 01
15:30:33.408 [I2C_WRITE   ] Bank1 Reg[0x2C] = 0xFF (30.0µs)
15:30:33.408 [I2C_WRITE   ] Bank1 Reg[0x2E] = 0xDF (30.0µs)
15:30:33.408 [I2C_WRITE   ] Bank select: 00
15:30:33.408 [I2C_WRITE   ] Bank0 Reg[0x32] = 0x36 (30.0µs)
15:30:33.408 [I2C_WRITE   ] Bank0 Reg[0x0C] = 0x36 (30.0µs)
15:30:33.409 [I2C_WRITE   ] Bank0 Reg[0x0D] = 0x34 (30.0µs)
15:30:33.409 [I2C_WRITE   ] Bank0 Reg[0x0E] = 0x05 (30.0µs)
15:30:33.409 [I2C_WRITE   ] Bank0 Reg[0x0F] = 0xC5 (30.0µs)
15:30:33.409 [I2C_WRITE   ] Bank0 Reg[0x10] = 0x20 (30.0µs)
15:30:33.409 [I2C_WRITE   ] Bank0 Reg[0x11] = 0x01 (30.0µs)
15:30:33.409 [I2C_WRITE   ] Bank0 Reg[0x12] = 0x02 (30.0µs)
15:30:33.409 [I2C_WRITE   ] Bank0 Reg[0x13] = 0x28 (30.0µs)
15:30:33.409 [I2C_WRITE   ] Bank0 Reg[0x14] = 0x32 (30.0µs)
15:30:33.410 [I2C_WRITE   ] Bank0 Reg[0x15] = 0x30 (30.0µs)
15:30:33.410 [I2C_WRITE   ] Bank select: 01
15:30:33.410 [I2C_WRITE   ] Bank1 Reg[0xC0] = 0x64 (30.0µs)
15:30:33.410 [I2C_WRITE   ] Bank1 Reg[0xC1] = 0x4B (30.0µs)
15:30:33.410 [I2C_WRITE   ] Bank1 Reg[0x86] = 0x35 (30.0µs)
15:30:33.410 [I2C_WRITE   ] Bank1 Reg[0x50] = 0x92 (30.0µs)
15:30:33.410 [I2C_WRITE   ] Bank1 Reg[0x51] = 0x01 (30.0µs)
15:30:33.410 [I2C_WRITE   ] Bank1 Reg[0x52] = 0x01 (30.0µs)
15:30:33.411 [I2C_WRITE   ] Bank1 Reg[0x53] = 0x00 (30.0µs)
15:30:33.411 [I2C_WRITE   ] Bank1 Reg[0x54] = 0x00 (30.0µs)
15:30:33.411 [I2C_WRITE   ] Bank1 Reg[0x55] = 0x88 (30.0µs)
15:30:33.411 [I2C_WRITE   ] Bank1 Reg[0x57] = 0x00 (30.0µs)
15:30:33.411 [I2C_WRITE   ] Bank1 Reg[0x5A] = 0x30 (30.0µs)
15:30:33.411 [I2C_WRITE   ] Bank1 Reg[0x5B] = 0x30 (30.0µs)
15:30:33.411 [I2C_WRITE   ] Bank1 Reg[0x5C] = 0x00 (30.0µs)
15:30:33.411 [I2C_WRITE   ] Bank1 Reg[0xD3] = 0x04 (30.0µs)
15:30:33.411 [I2C_WRITE   ] Bank1 Reg[0x7F] = 0x00 (30.0µs)
15:30:33.412 [I2C_WRITE   ] Bank1 Reg[0xE0] = 0x00 (30.0µs)
15:30:33.412 [I2C_WRITE   ] Bank1 Reg[0xE1] = 0x00 (30.0µs)
15:30:33.412 [I2C_WRITE   ] Bank1 Reg[0xE5] = 0x00 (30.0µs)
15:30:33.412 [I2C_WRITE   ] Bank1 Reg[0xD7] = 0x00 (30.0µs)
15:30:33.412 [I2C_WRITE   ] Bank1 Reg[0xDA] = 0x09 (30.0µs)
15:30:33.412 [CONFIG_COMPLETE] 48x48 RGB565 configuration loaded successfully
15:30:33.412 [INIT_COMPLETE] === Initialization Complete ===
15:30:33.412 [CAPTURE_START] === Frame Capture 48x48 RGB565 ===
15:30:33.412 [I2C_WRITE   ] Bank select: 01
15:30:33.412 [I2C_WRITE   ] Bank1 Reg[0x3C] = 0x46 (30.0µs)
15:30:33.412 [CAPTURE_TIMING] Estimated frame time: 5.76ms
15:30:33.412 [CAPTURE_TIMING] Line time: 2.40µs
15:30:33.412 [CAPTURE_TIMING] Pixel clock: 20.0MHz
15:30:33.412 [CAPTURE_TIMING] Bits per pixel: 16
15:30:33.412 [SIGNAL_TIMING] VSYNC HIGH - Frame start
15:30:33.413 [LINE_CAPTURE] Line 0/48
15:30:33.414 [LINE_CAPTURE] Line 10/48
15:30:33.415 [LINE_CAPTURE] Line 20/48
15:30:33.415 [LINE_CAPTURE] Line 30/48
15:30:33.416 [LINE_CAPTURE] Line 40/48
15:30:33.416 [SIGNAL_TIMING] VSYNC LOW - Frame end
15:30:33.416 [CAPTURE_COMPLETE] Frame captured in 3.95ms (estimated: 5.76ms)
15:30:33.416 [CAPTURE_START] === Frame Capture 48x48 RGB565 ===
15:30:33.416 [I2C_WRITE   ] Bank select: 01
15:30:33.416 [I2C_WRITE   ] Bank1 Reg[0x3C] = 0x46 (30.0µs)
15:30:33.416 [CAPTURE_TIMING] Estimated frame time: 5.76ms
15:30:33.416 [CAPTURE_TIMING] Line time: 2.40µs
15:30:33.416 [CAPTURE_TIMING] Pixel clock: 20.0MHz
15:30:33.416 [CAPTURE_TIMING] Bits per pixel: 16
15:30:33.416 [SIGNAL_TIMING] VSYNC HIGH - Frame start
15:30:33.417 [LINE_CAPTURE] Line 0/48
15:30:33.418 [LINE_CAPTURE] Line 10/48
15:30:33.419 [LINE_CAPTURE] Line 20/48
15:30:33.419 [LINE_CAPTURE] Line 30/48
15:30:33.420 [LINE_CAPTURE] Line 40/48
15:30:33.420 [SIGNAL_TIMING] VSYNC LOW - Frame end
15:30:33.420 [CAPTURE_COMPLETE] Frame captured in 4.09ms (estimated: 5.76ms)
15:30:33.420 [CAPTURE_START] === Frame Capture 48x48 RGB565 ===
15:30:33.420 [I2C_WRITE   ] Bank select: 01
15:30:33.420 [I2C_WRITE   ] Bank1 Reg[0x3C] = 0x46 (30.0µs)
15:30:33.420 [CAPTURE_TIMING] Estimated frame time: 5.76ms
15:30:33.420 [CAPTURE_TIMING] Line time: 2.40µs
15:30:33.420 [CAPTURE_TIMING] Pixel clock: 20.0MHz
15:30:33.420 [CAPTURE_TIMING] Bits per pixel: 16
15:30:33.420 [SIGNAL_TIMING] VSYNC HIGH - Frame start
15:30:33.421 [LINE_CAPTURE] Line 0/48
15:30:33.422 [LINE_CAPTURE] Line 10/48
15:30:33.423 [LINE_CAPTURE] Line 20/48
15:30:33.423 [LINE_CAPTURE] Line 30/48
15:30:33.424 [LINE_CAPTURE] Line 40/48
15:30:33.424 [SIGNAL_TIMING] VSYNC LOW - Frame end
15:30:33.424 [CAPTURE_COMPLETE] Frame captured in 3.98ms (estimated: 5.76ms)
15:30:33.424 [CAPTURE_START] === Frame Capture 48x48 RGB565 ===
15:30:33.424 [I2C_WRITE   ] Bank select: 01
15:30:33.424 [I2C_WRITE   ] Bank1 Reg[0x3C] = 0x46 (30.0µs)
15:30:33.424 [CAPTURE_TIMING] Estimated frame time: 5.76ms
15:30:33.424 [CAPTURE_TIMING] Line time: 2.40µs
15:30:33.424 [CAPTURE_TIMING] Pixel clock: 20.0MHz
15:30:33.424 [CAPTURE_TIMING] Bits per pixel: 16
15:30:33.424 [SIGNAL_TIMING] VSYNC HIGH - Frame start
15:30:33.425 [LINE_CAPTURE] Line 0/48
15:30:33.426 [LINE_CAPTURE] Line 10/48
15:30:33.427 [LINE_CAPTURE] Line 20/48
15:30:33.427 [LINE_CAPTURE] Line 30/48
15:30:33.428 [LINE_CAPTURE] Line 40/48
15:30:33.428 [SIGNAL_TIMING] VSYNC LOW - Frame end
15:30:33.428 [CAPTURE_COMPLETE] Frame captured in 3.92ms (estimated: 5.76ms)

============================================================
DETAILED TIMING ANALYSIS
============================================================
Camera State: ready
I2C Transactions: 51
GPIO Events: 5
Frames Captured: 4
Registers Written: 35

I2C Transaction Analysis:
Total I2C time: 1530.0µs (1.53ms)
Average transaction time: 30.0µs

Frame Timing Analysis:
Frame 1: 48x48 RGB565
  Estimated time: 5.76ms
  Pixel clock: 20.0MHz
Frame 2: 48x48 RGB565
  Estimated time: 5.76ms
  Pixel clock: 20.0MHz
Frame 3: 48x48 RGB565
  Estimated time: 5.76ms
  Pixel clock: 20.0MHz
Frame 4: 48x48 RGB565
  Estimated time: 5.76ms
  Pixel clock: 20.0MHz

============================================================
15:30:34.170 [CAMERA_FORMAT] Resolution set to 48x48, format RGB565
15:30:34.439 [CAMERA_FORMAT] Resolution set to 48x48, format RGB565
15:30:34.721 [CAMERA_FORMAT] Resolution set to 48x48, format RGB565
15:30:34.987 [CAMERA_FORMAT] Resolution set to 48x48, format RGB565
15:30:35.301 [CAMERA_FORMAT] Resolution set to 48x48, format RGB565
15:30:35.562 [CAMERA_FORMAT] Resolution set to 48x48, format RGB565
15:33:33.121 [CAMERA_FORMAT] Resolution set to 48x48, format RGB565
